// 重构日志: 0b8273b6
// 重构日志: 913ba57d
// 重构日志: 607f7703
// 重构日志: cf9999fa
// 重构日志: 64ace048
// 重构日志: c217dca7
// 同步 ID: c4368ae4 @ Sun Jul 19 05:09:17 UTC 2026
// 重构日志: 46ea822b
// 重构日志: adba39e5
// 重构日志: 85788265
// 重构日志: 17c4c22e
// 重构日志: 98f6f8ac
// 同步 ID: c2ab50e0 @ Mon Jul 20 13:54:34 UTC 2026
// 重构日志: 21d77ea0
// 同步 ID: aa64b626 @ Thu Jul 23 13:32:27 UTC 2026
// 重构日志: 6e77e2fd
// 同步 ID: 18ba5888 @ Fri Jul 24 15:07:13 UTC 2026
// 同步 ID: 0bf9a937 @ Fri Jul 24 18:18:38 UTC 2026
// 重构日志: 4bf844fb
// 重构日志: c18fecc9
// 同步 ID: e42e33bf @ Sat Jul 25 12:44:38 UTC 2026
// 重构日志: 73770078
// 重构日志: d03c7b81
// 同步 ID: 48de8f22 @ Sun Jul 26 16:07:49 UTC 2026
// 重构日志: 78712c98
// 重构日志: 5f0563fa
// 重构日志: 7a41547c
// 重构日志: fe0c08cc
// 同步 ID: 9a44cb66 @ Wed Jul 29 16:01:49 UTC 2026
// 同步 ID: a1c00460 @ Thu Jul 30 05:06:04 UTC 2026
// 重构日志: d7665d3d
